#ident	"@(#)bkrs:bkintf.d/backups/bksetup/summary/Form.summary	1.5"
form="Display a Summary Report of a Backup Table"

help=OPEN TEXT $INTFBASE/Text.itemhelp $LININFO

framemsg=`readfile $INTFBASE/form.msg`

`set -l CMD=""`

done=`message -w;
	summary "$F1" "$F2" "$F3" | set -l TFILE;
	if [ $RET -eq 0 ] ;
	then
		getfrm | set -l FNUM;
		set -l CMD="OPEN TEXT $OBJ_DIR/Text.summary $TFILE $FNUM";
	else
		set -l CMD="OPEN TEXT $OBJ_DIR/Text.errs $TFILE";
	fi`$!CMD

begrow=any
begcol=any

# Table field
name=Table:
lininfo=F1
nrow=2
ncol=2

value=`brfindtab bkreg`

frow=2
fcol=9
rows=1
columns=68
scroll=true

choicemsg=`helppath -h "~Enter the path to the backup table." -roz`

valid=`valpath -roz "$F1"`

invalidmsg=`errpath -roz`

# Weeks field
name=Weeks:
lininfo=F2
nrow=4
ncol=2

value=all

frow=4
fcol=9
rows=1
columns=68
scroll=true

choicemsg="Enter a list of week ranges or 'demand' or 'all'."

valid=`valweeks "$F2" all "$F1"`

invalidmsg=`errweeks all "$F1"`

# Days field
name=Days:
lininfo=F3
nrow=6
ncol=2

value=all

frow=6
fcol=9
rows=1
columns=68

show=`regex -v "$F2" "demand" FALSE "^.*" TRUE`
#show=FALSE
choicemsg="Enter a list of day ranges or 'all'."

valid=`valdays "$F3" all`

invalidmsg=`errdays all`
